
$ git init  

$ git remote add origin https://github.com/CSID-DGU/2022-01-OSSP1-ConfusedMinsu-5.git  

$ git add *  
fatal: pathspec '*' did not match any files

$ git add .  

$ git commit -m 'for test'  
On branch master

Initial commit

nothing to commit (create/copy files and use "git add" to track)

$ git add *
The following paths are ignored by one of your .gitignore files:
HELP.md
hint: Use -f if you really want to add them.
hint: Turn this message off by running
hint: "git config advice.addIgnoredFile false"
warning: LF will be replaced by CRLF in build.gradle.
The file will have its original line endings in your working directory
warning: LF will be replaced by CRLF in gradle/wrapper/gradle-wrapper.properties.
The file will have its original line endings in your working directory
warning: LF will be replaced by CRLF in gradlew.
The file will have its original line endings in your working directory
warning: LF will be replaced by CRLF in settings.gradle.
The file will have its original line endings in your working directory
warning: LF will be replaced by CRLF in src/main/java/M/S/C/minsu/MinsuApplication.java.
The file will have its original line endings in your working directory
warning: LF will be replaced by CRLF in src/main/resources/application.properties.
The file will have its original line endings in your working directory
warning: LF will be replaced by CRLF in src/test/java/M/S/C/minsu/MinsuApplicationTests.java.
The file will have its original line endings in your working directory

$ git add .
warning: LF will be replaced by CRLF in .gitignore.
The file will have its original line endings in your working directory

$ git commit -m 'for test'
[master (root-commit) f834a97] for test
 10 files changed, 426 insertions(+)
 create mode 100644 .gitignore
 create mode 100644 build.gradle
 create mode 100644 gradle/wrapper/gradle-wrapper.jar
 create mode 100644 gradle/wrapper/gradle-wrapper.properties
 create mode 100644 gradlew
 create mode 100644 gradlew.bat
 create mode 100644 settings.gradle
 create mode 100644 src/main/java/M/S/C/minsu/MinsuApplication.java
 create mode 100644 src/main/resources/application.properties
 create mode 100644 src/test/java/M/S/C/minsu/MinsuApplicationTests.java

$ git push
fatal: The current branch master has no upstream branch.
To push the current branch and set the remote as upstream, use

    git push --set-upstream origin master


$ git push origin main
error: src refspec main does not match any
error: failed to push some refs to 'https://github.com/CSID-DGU/2022-01-OSSP1-ConfusedMinsu-5.git'

$ git push --set-upstream origin master
Enumerating objects: 28, done.
Counting objects: 100% (28/28), done.
Delta compression using up to 8 threads
Compressing objects: 100% (15/15), done.
Writing objects: 100% (28/28), 59.50 KiB | 3.13 MiB/s, done.
Total 28 (delta 0), reused 0 (delta 0), pack-reused 0
remote:
remote: Create a pull request for 'master' on GitHub by visiting:
remote:      https://github.com/CSID-DGU/2022-01-OSSP1-ConfusedMinsu-5/pull/new/master
remote:
To https://github.com/CSID-DGU/2022-01-OSSP1-ConfusedMinsu-5.git
 * [new branch]      master -> master
Branch 'master' set up to track remote branch 'master' from 'origin'.


$ git push origin main
error: src refspec main does not match any
error: failed to push some refs to 'https://github.com/CSID-DGU/2022-01-OSSP1-ConfusedMinsu-5.git'


$ git push
Everything up-to-date


$ git branch
* master


$ git add *
The following paths are ignored by one of your .gitignore files:
HELP.md
hint: Use -f if you really want to add them.
hint: Turn this message off by running
hint: "git config advice.addIgnoredFile false"
git

$ git commit -m 'add readme'
[master 8749f93] add readme
 1 file changed, 9 insertions(+)
 create mode 100644 README.md
git

$ git push
Enumerating objects: 4, done.
Counting objects: 100% (4/4), done.
Delta compression using up to 8 threads
Compressing objects: 100% (3/3), done.
Writing objects: 100% (3/3), 452 bytes | 56.00 KiB/s, done.
Total 3 (delta 1), reused 0 (delta 0), pack-reused 0
remote: Resolving deltas: 100% (1/1), completed with 1 local object.
To https://github.com/CSID-DGU/2022-01-OSSP1-ConfusedMinsu-5.git
   f834a97..8749f93  master -> master


$ git checkout -b minsu
Switched to a new branch 'minsu'


$ git branch
  master
* minsu


$ git add *
The following paths are ignored by one of your .gitignore files:
HELP.md
hint: Use -f if you really want to add them.
hint: Turn this message off by running
hint: "git config advice.addIgnoredFile false"


$ git commit -m 'branch test'
[minsu d3648d1] branch test
 1 file changed, 1 insertion(+)
 create mode 100644 branchtest.txt


$ git push
fatal: The current branch minsu has no upstream branch.
To push the current branch and set the remote as upstream, use

    git push --set-upstream origin minsu



$ git push --set-upstream origin minsu
Enumerating objects: 4, done.
Counting objects: 100% (4/4), done.
Delta compression using up to 8 threads
Compressing objects: 100% (2/2), done.
Writing objects: 100% (3/3), 290 bytes | 58.00 KiB/s, done.
Total 3 (delta 1), reused 0 (delta 0), pack-reused 0
remote: Resolving deltas: 100% (1/1), completed with 1 local object.
remote:
remote: Create a pull request for 'minsu' on GitHub by visiting:
remote:      https://github.com/CSID-DGU/2022-01-OSSP1-ConfusedMinsu-5/pull/new/minsu
remote:
To https://github.com/CSID-DGU/2022-01-OSSP1-ConfusedMinsu-5.git
 * [new branch]      minsu -> minsu
Branch 'minsu' set up to track remote branch 'minsu' from 'origin'.

$ git push
Everything up-to-date


$ git checkout master
Switched to branch 'master'
Your branch is up to date with 'origin/master'.


$ git branch -d minsu
warning: deleting branch 'minsu' that has been merged to
         'refs/remotes/origin/minsu', but not yet merged to HEAD.
Deleted branch minsu (was d3648d1).

$ git branch
* master

$ git pull
remote: Enumerating objects: 1, done.
remote: Counting objects: 100% (1/1), done.
remote: Total 1 (delta 0), reused 0 (delta 0), pack-reused 0
Unpacking objects: 100% (1/1), 619 bytes | 77.00 KiB/s, done.
From https://github.com/CSID-DGU/2022-01-OSSP1-ConfusedMinsu-5
   8749f93..eed21c8  master     -> origin/master
Updating 8749f93..eed21c8
Fast-forward
 branchtest.txt | 1 +
 1 file changed, 1 insertion(+)
 create mode 100644 branchtest.txt


$ git checkout -b minsu
Switched to a new branch 'minsu'


$ git branch
  master
* minsu

$ git checkout master
Switched to branch 'master'
Your branch is up to date with 'origin/master'.

$ git add *
The following paths are ignored by one of your .gitignore files:
HELP.md
hint: Use -f if you really want to add them.
hint: Turn this message off by running
hint: "git config advice.addIgnoredFile false"


$ git commit -m 'delete_branchtest'
On branch master
Your branch is up to date with 'origin/master'.

Changes not staged for commit:
  (use "git add/rm <file>..." to update what will be committed)
  (use "git restore <file>..." to discard changes in working directory)
        deleted:    branchtest.txt

no changes added to commit (use "git add" and/or "git commit -a")


$ git push
Everything up-to-date


$ git rm *
fatal: pathspec 'HELP.md' did not match any files


$ git add *
The following paths are ignored by one of your .gitignore files:
HELP.md
hint: Use -f if you really want to add them.
hint: Turn this message off by running
hint: "git config advice.addIgnoredFile false"


$ git commit -m 'delete'
On branch master
Your branch is up to date with 'origin/master'.

Changes not staged for commit:
  (use "git add/rm <file>..." to update what will be committed)
  (use "git restore <file>..." to discard changes in working directory)
        deleted:    branchtest.txt

no changes added to commit (use "git add" and/or "git commit -a")

$ git rm branchtest.txt
rm 'branchtest.txt'

$ git rm new!.txt
bash: !.txt: event not found

$ git commit -m 'delete branchtest.txt'
[master 63e8cfd] delete branchtest.txt
 1 file changed, 1 deletion(-)
 delete mode 100644 branchtest.txt

$ git push
Enumerating objects: 3, done.
Counting objects: 100% (3/3), done.
Delta compression using up to 8 threads
Compressing objects: 100% (2/2), done.
Writing objects: 100% (2/2), 227 bytes | 75.00 KiB/s, done.
Total 2 (delta 1), reused 0 (delta 0), pack-reused 0
remote: Resolving deltas: 100% (1/1), completed with 1 local object.
To https://github.com/CSID-DGU/2022-01-OSSP1-ConfusedMinsu-5.git
   eed21c8..63e8cfd  master -> master
